../Core/Inc/bno055_NEVSPACE_Support.h:222:6:NEVSPACE_BNO055_init	1
../Core/Inc/bno055_NEVSPACE_Support.h:264:6:NEVSPACE_BNO055_deinit	1
../Core/Inc/bno055_NEVSPACE_Support.h:284:5:NEVSPACE_BNO055_read_all_print_all_TEST	1
../Core/Inc/bno055_NEVSPACE_Support.h:525:5:NEVSPACE_BNO055_gyro_test	1
../Core/Inc/bno055_NEVSPACE_Support.h:537:5:NEVSPACE_BNO055_accelerometer_test	1
../Core/Src/main.c:69:5:main	1
../Core/Src/main.c:124:6:SystemClock_Config	3
../Core/Src/main.c:171:13:MX_I2C1_Init	2
../Core/Src/main.c:205:13:MX_USART2_UART_Init	2
../Core/Src/main.c:238:13:MX_GPIO_Init	1
../Core/Src/main.c:254:5:_write	1
../Core/Src/main.c:272:4:I2C_routine	1
../Core/Src/main.c:304:4:BNO055_I2C_bus_write	3
../Core/Src/main.c:344:4:BNO055_I2C_bus_read	3
../Core/Src/main.c:368:6:BNO055_delay_msek	1
../Core/Src/main.c:380:6:Error_Handler	1
