19:14:25 **** Incremental Build of configuration Debug for project BNO055_TEST ****
make -j16 all 
arm-none-eabi-g++ "../Core/Src/bno055.cpp" -mcpu=cortex-m4 -std=gnu++14 -g3 -DDEBUG -DUSE_HAL_DRIVER -DSTM32F401xE -c -I../Core/Inc -I../Drivers/STM32F4xx_HAL_Driver/Inc -I../Drivers/STM32F4xx_HAL_Driver/Inc/Legacy -I../Drivers/CMSIS/Device/ST/STM32F4xx/Include -I../Drivers/CMSIS/Include -O0 -ffunction-sections -fdata-sections -fno-exceptions -fno-rtti -fno-use-cxa-atexit -Wall -fstack-usage -fcyclomatic-complexity -MMD -MP -MF"Core/Src/bno055.d" -MT"Core/Src/bno055.o" --specs=nano.specs -mfpu=fpv4-sp-d16 -mfloat-abi=hard -mthumb -o "Core/Src/bno055.o"
arm-none-eabi-gcc "../Core/Src/main.c" -mcpu=cortex-m4 -std=gnu11 -g3 -DDEBUG -DUSE_HAL_DRIVER -DSTM32F401xE -c -I../Core/Inc -I../Drivers/STM32F4xx_HAL_Driver/Inc -I../Drivers/STM32F4xx_HAL_Driver/Inc/Legacy -I../Drivers/CMSIS/Device/ST/STM32F4xx/Include -I../Drivers/CMSIS/Include -O0 -ffunction-sections -fdata-sections -Wall -fstack-usage -fcyclomatic-complexity -MMD -MP -MF"Core/Src/main.d" -MT"Core/Src/main.o" --specs=nano.specs -mfpu=fpv4-sp-d16 -mfloat-abi=hard -mthumb -o "Core/Src/main.o"
arm-none-eabi-g++ -o "BNO055_TEST.elf" @"objects.list"   -mcpu=cortex-m4 -T"C:\Users\doruk\source\repos\ProfDorukTan\Plant_Monitor\BNO055\BNO055_TEST\STM32F401RETX_FLASH.ld" --specs=nosys.specs -Wl,-Map="BNO055_TEST.map" -Wl,--gc-sections -static --specs=nano.specs -mfpu=fpv4-sp-d16 -mfloat-abi=hard -mthumb -Wl,--start-group -lc -lm -lstdc++ -lsupc++ -Wl,--end-group
Finished building target: BNO055_TEST.elf
 
arm-none-eabi-size  BNO055_TEST.elf 
arm-none-eabi-objdump -h -S BNO055_TEST.elf  > "BNO055_TEST.list"
   text	   data	    bss	    dec	    hex	filename
  11776	    104	   2064	  13944	   3678	BNO055_TEST.elf
Finished building: default.size.stdout
 
Finished building: BNO055_TEST.list
 

19:14:26 Build Finished. 0 errors, 0 warnings. (took 1s.218ms)

