17:44:45 **** Incremental Build of configuration Debug for project BNO055_DRIVER_TEST2 ****
make -j16 all 
arm-none-eabi-gcc "../Core/Src/main.c" -mcpu=cortex-m4 -std=gnu11 -g3 -DDEBUG -DUSE_HAL_DRIVER -DSTM32F401xE -c -I../Core/Inc -I../Drivers/STM32F4xx_HAL_Driver/Inc -I../Drivers/STM32F4xx_HAL_Driver/Inc/Legacy -I../Drivers/CMSIS/Device/ST/STM32F4xx/Include -I../Drivers/CMSIS/Include -O0 -ffunction-sections -fdata-sections -Wall -fstack-usage -fcyclomatic-complexity -MMD -MP -MF"Core/Src/main.d" -MT"Core/Src/main.o" --specs=nano.specs -mfpu=fpv4-sp-d16 -mfloat-abi=hard -mthumb -o "Core/Src/main.o"
arm-none-eabi-gcc -o "BNO055_DRIVER_TEST2.elf" @"objects.list"   -mcpu=cortex-m4 -T"C:\Users\doruk\source\repos\ProfDorukTan\BNO055\BNO055_DRIVER_TEST2\STM32F401RETX_FLASH.ld" --specs=nosys.specs -Wl,-Map="BNO055_DRIVER_TEST2.map" -Wl,--gc-sections -static --specs=nano.specs -mfpu=fpv4-sp-d16 -mfloat-abi=hard -mthumb -u _printf_float -Wl,--start-group -lc -lm -Wl,--end-group
Finished building target: BNO055_DRIVER_TEST2.elf
 
arm-none-eabi-size  BNO055_DRIVER_TEST2.elf 
arm-none-eabi-objdump -h -S BNO055_DRIVER_TEST2.elf  > "BNO055_DRIVER_TEST2.list"
   text	   data	    bss	    dec	    hex	filename
  33704	    472	   2224	  36400	   8e30	BNO055_DRIVER_TEST2.elf
Finished building: default.size.stdout
 
Finished building: BNO055_DRIVER_TEST2.list
 
17:44:47 **** Incremental Build of configuration Debug for project BNO055_DRIVER_TEST2 ****
make -j16 all 
arm-none-eabi-size  BNO055_DRIVER_TEST2.elf 
   text	   data	    bss	    dec	    hex	filename
  33704	    472	   2224	  36400	   8e30	BNO055_DRIVER_TEST2.elf
Finished building: default.size.stdout
 
